I'm sorry, but errors were detected in your script. Please correct the
errors listed below, and try again.


File "game/script.rpy", line 236: expected ':' not found.
    label lava
              ^

Ren'Py Version: Ren'Py 7.5.0.22062402
Mon Aug  1 21:59:18 2022
